#-----------------------------------------------------------
# Vivado v2025.1 (64-bit)
# SW Build 6140274 on Thu May 22 00:12:29 MDT 2025
# IP Build 6138677 on Thu May 22 03:10:11 MDT 2025
# SharedData Build 6139179 on Tue May 20 17:58:58 MDT 2025
# Start of session at: Thu Nov 13 14:24:20 2025
# Process ID         : 11832
# Current directory  : C:/Users/AHIL/temperature_fan/temperature_fan.runs/synth_1
# Command line       : vivado.exe -log top.vds -product Vivado -mode batch -messageDb vivado.pb -notrace -source top.tcl
# Log file           : C:/Users/AHIL/temperature_fan/temperature_fan.runs/synth_1/top.vds
# Journal file       : C:/Users/AHIL/temperature_fan/temperature_fan.runs/synth_1\vivado.jou
# Running On         : DESKTOP-17M5Q0M
# Platform           : Windows Server 2016 or Windows 10
# Operating System   : 26100
# Processor Detail   : AMD Ryzen 7 4800H with Radeon Graphics         
# CPU Frequency      : 2895 MHz
# CPU Physical cores : 8
# CPU Logical cores  : 16
# Host memory        : 16496 MB
# Swap memory        : 36507 MB
# Total Virtual      : 53004 MB
# Available Virtual  : 13106 MB
#-----------------------------------------------------------
source top.tcl -notrace
